// Jest Snapshot v1, https://goo.gl/fbAQLP

exports[`Notifications Component should match the snapshot 1`] = `
<Fragment>
  <div
    className="menuItem_140n9qh"
  >
    <p>
      Your notifications
    </p>
  </div>
</Fragment>
`;
