// Jest Snapshot v1, https://goo.gl/fbAQLP

exports[`Header Component should match the snapshot 1`] = `
<header
  className="App-header"
>
  <img
    alt="holberton logo"
    src="mock-file"
  />
  <h1>
    School dashboard
  </h1>
</header>
`;
