// Jest Snapshot v1, https://goo.gl/fbAQLP

exports[`Footer Component should match the snapshot 1`] = `<Footer />`;
