// Jest Snapshot v1, https://goo.gl/fbAQLP

exports[`Login Component should match the snapshot 1`] = `
<Fragment>
  <div
    className="container_ae45qw"
  >
    <form>
      <p>
        Login to access the full dashboard
      </p>
      <label
        htmlFor="email"
      >
        Email: 
      </label>
      <input
        autoComplete="on"
        className="input_m0te3e"
        id="email"
        onChange={[Function]}
        type="email"
      />
      <label
        htmlFor="password"
      >
         Password: 
      </label>
      <input
        autoComplete="on"
        id="password"
        onChange={[Function]}
        type="password"
      />
      <input
        disabled={false}
        onClick={[Function]}
        type="submit"
      />
    </form>
  </div>
</Fragment>
`;
