// Jest Snapshot v1, https://goo.gl/fbAQLP

exports[`Header Component should match the snapshot 1`] = `
<header
  className="header_2p0iqz"
>
  <img
    alt="holberton logo"
    className="logo_1s926dy"
    src="mock-file"
  />
  <h1
    className="h1_qg889x"
  >
    School dashboard
  </h1>
</header>
`;
