// Jest Snapshot v1, https://goo.gl/fbAQLP

exports[`Footer Component should match the snapshot 1`] = `
<footer
  className="App-footer"
>
  Copyright 
  2023
   - 
  Holberton School main dashboard
</footer>
`;
